* CONNECT 

Disconnecting previous database (if connected) 
Connecting database file ../zz_source/bsip2-small/bsip2.db
Connected database is sane

* PRINT: print the contents of the database 

| id| key| litrefs| description|
| 1| s22| bsip1 boys1970 | A description.|

