* CONNECT 

Disconnecting previous database (if connected) 
Connecting database file ../zz_source/bsip2-small/bsip2.db
Connected database is sane

* PRINT: print the contents of the database 

| id| key| litrefs| description|
| 1| b3lyp/6-31+G*| bsip1 boys1970| This is a method.|
| 2| test| | |

