* SYSTEM: rm -f 001_insert_libref.db

* CONNECT 

Disconnecting previous database (if connected) 
Connecting database file 001_insert_libref.db
Creating skeleton database 

* PRINT: print the contents of the database 
+ DATABASE information
# Table of property types
| id | key | description |
| 1 | energy_difference | A difference of molecular or crystal energies (reaction energy, binding energy, lattice energy, etc.) |
| 2 | energy | The total energy of a molecule or crystal |

# Number of literature references: 1

# Table of methods
| id| key| gaussian_keyword| psi4_keyword| litrefs| description|

# Table of sets
| id| key| property_type| litrefs| description|

# Number of properties and structures in each set
| id | key | properties | structures |

+ TRAINING SET information
## Table of saved training sets in the database
| Name |

## Description of the training set
# The TRAINING SET is NOT DEFINED
--- No atoms found (ATOM) ---
--- No angular momenta found (LMAX) ---
--- No exponents found (EXP) ---
--- No subsets found (SUBSET) ---
--- No weights found (W) ---
--- No empty method found (EMPTY) ---
--- No reference method found (REFERENCE) ---

* PRINT: print the contents of the database 
+ DATABASE information
# Table of property types
| id | key | description |
| 1 | energy_difference | A difference of molecular or crystal energies (reaction energy, binding energy, lattice energy, etc.) |
| 2 | energy | The total energy of a molecule or crystal |

# Number of literature references: 0

# Table of methods
| id| key| gaussian_keyword| psi4_keyword| litrefs| description|

# Table of sets
| id| key| property_type| litrefs| description|

# Number of properties and structures in each set
| id | key | properties | structures |

+ TRAINING SET information
## Table of saved training sets in the database
| Name |

## Description of the training set
# The TRAINING SET is NOT DEFINED
--- No atoms found (ATOM) ---
--- No angular momenta found (LMAX) ---
--- No exponents found (EXP) ---
--- No subsets found (SUBSET) ---
--- No weights found (W) ---
--- No empty method found (EMPTY) ---
--- No reference method found (REFERENCE) ---

