* SYSTEM: rm -f 004_insert_set_xyz.db

* CONNECT 

Disconnecting previous database (if connected) 
Connecting database file 004_insert_set_xyz.db
Creating skeleton database 

* INSERT: insert data into the database (LITREF)

* INSERT: insert data into the database (SET)

