%% verbose
%% system rm -f 011_insert_many_terms.db
* SYSTEM: rm -f 011_insert_many_terms.db

%% connect 011_insert_many_terms.db
* CONNECT 

Disconnecting previous database (if connected) 
Connecting database file 011_insert_many_terms.db
Creating skeleton database 

%% insert method m_empty
* INSERT: insert data into the database (METHOD)
# INSERT METHOD m_empty

%% insert method m_ref
* INSERT: insert data into the database (METHOD)
# INSERT METHOD m_ref

%% insert set 011_insert_many_terms-set
* INSERT: insert data into the database (SET)
# INSERT SET 011_insert_many_terms-set
# INSERT STRUCTURE 011_insert_many_terms-set.nh3_nh3
# INSERT STRUCTURE 011_insert_many_terms-set.nh3_nh3_1
# INSERT STRUCTURE 011_insert_many_terms-set.nh3_nh3_2
# INSERT PROPERTY 011_insert_many_terms-set.nh3_nh3
# INSERT EVALUATION (method=m_ref;property=011_insert_many_terms-set.nh3_nh3)
# INSERT STRUCTURE 011_insert_many_terms-set.h2o_h2o
# INSERT STRUCTURE 011_insert_many_terms-set.h2o_h2o_1
# INSERT STRUCTURE 011_insert_many_terms-set.h2o_h2o_2
# INSERT PROPERTY 011_insert_many_terms-set.h2o_h2o
# INSERT EVALUATION (method=m_ref;property=011_insert_many_terms-set.h2o_h2o)

%% insert evaluation
* INSERT: insert data into the database (EVALUATION)
# INSERT EVALUATION (method=m_empty;property=011_insert_many_terms-set.nh3_nh3)

%% insert evaluation
* INSERT: insert data into the database (EVALUATION)
# INSERT EVALUATION (method=m_empty;property=011_insert_many_terms-set.h2o_h2o)

%% training
* TRAINING: started defining the training set 

%% atom H l
%% exp 0.1 0.2
%% empty m_empty
%% reference m_ref
%% subset
%% end
* TRAINING: fininshed defining the training set 

## Description of the training set
# List of atoms and maximum angular momentum channels (1)
| Atom | lmax |
| H | l |

# List of exponents (2)
| id | exp |
| 0 | 0.1 |
| 1 | 0.2 |

# List of subsets (1)
| id | alias | db-name | db-id | initial | final | size | dofit? | litref | description |
| 0 | 011_insert_many_terms-set | 011_insert_many_terms-set | 1 | 1 | 2 | 2 | 1 |  |  |

# List of methods
| type | name | id | for fit? |
| reference | m_ref | 2 | n/a |
| empty | m_empty | 1 | n/a |

# List of properties (2)
| fit? | id | property | propid | alias | db-set | proptype | nstruct | weight | refvalue |
| yes | 1 | 011_insert_many_terms-set.nh3_nh3 | 1 | 011_insert_many_terms-set | 011_insert_many_terms-set | ENERGY_DIFFERENCE | 3 | 1 | -3.133000 |
| yes | 2 | 011_insert_many_terms-set.h2o_h2o | 2 | 011_insert_many_terms-set | 011_insert_many_terms-set | ENERGY_DIFFERENCE | 3 | 1 | -4.989000 |

# Calculation completion for the current training set
# Reference: 2/2 (complete)
# Empty: 2/2 (complete)
# Terms: 
| H | l | 0.1 | 0/2 | (missing)
| H | l | 0.2 | 0/2 | (missing)
# Total terms: 0/4 (missing)

%% insert calc
* INSERT: insert data into the database (CALC)
# INSERT TERM (method=m_empty;property=2;nvalue=1;atom=1;l=0;exp=0.1)
# INSERT TERM (method=m_empty;property=1;nvalue=1;atom=1;l=0;exp=0.1)
# INSERT TERM (method=m_empty;property=2;nvalue=1;atom=1;l=0;exp=0.2)
# INSERT TERM (method=m_empty;property=1;nvalue=1;atom=1;l=0;exp=0.2)

%% training describe
## Description of the training set
# List of atoms and maximum angular momentum channels (1)
| Atom | lmax |
| H | l |

# List of exponents (2)
| id | exp |
| 0 | 0.1 |
| 1 | 0.2 |

# List of subsets (1)
| id | alias | db-name | db-id | initial | final | size | dofit? | litref | description |
| 0 | 011_insert_many_terms-set | 011_insert_many_terms-set | 1 | 1 | 2 | 2 | 1 |  |  |

# List of methods
| type | name | id | for fit? |
| reference | m_ref | 2 | n/a |
| empty | m_empty | 1 | n/a |

# List of properties (2)
| fit? | id | property | propid | alias | db-set | proptype | nstruct | weight | refvalue |
| yes | 1 | 011_insert_many_terms-set.nh3_nh3 | 1 | 011_insert_many_terms-set | 011_insert_many_terms-set | ENERGY_DIFFERENCE | 3 | 1 | -3.133000 |
| yes | 2 | 011_insert_many_terms-set.h2o_h2o | 2 | 011_insert_many_terms-set | 011_insert_many_terms-set | ENERGY_DIFFERENCE | 3 | 1 | -4.989000 |

# Calculation completion for the current training set
# Reference: 2/2 (complete)
# Empty: 2/2 (complete)
# Terms: 
| H | l | 0.1 | 2/2 | (complete)
| H | l | 0.2 | 2/2 | (complete)
# Total terms: 4/4 (complete)

