* ACP LOAD bleh

* ACP SPLIT bleh creates files 003_acp_split_a-*.acp

* ACP SPLIT bleh creates files 003_acp_split_b-*.acp

